Traceback (most recent call last):
  File "C:\Credora\app.py", line 14, in <module>
    @app.route('/')
     ^^^
NameError: name 'app' is not defined
Traceback (most recent call last):
  File "C:\Credora\app.py", line 14, in <module>
    @app.route('/')
     ^^^
NameError: name 'app' is not defined
Traceback (most recent call last):
  File "C:\Credora\app.py", line 14, in <module>
    @app.route('/')
     ^^^
NameError: name 'app' is not defined
Traceback (most recent call last):
  File "C:\Credora\app.py", line 14, in <module>
    @app.route('/')
     ^^^
NameError: name 'app' is not defined
Traceback (most recent call last):
  File "C:\Credora\app.py", line 14, in <module>
    @app.route('/')
     ^^^
NameError: name 'app' is not defined
Traceback (most recent call last):
  File "C:\Credora\app.py", line 14, in <module>
    @app.route('/')
     ^^^
NameError: name 'app' is not defined
Traceback (most recent call last):
  File "C:\Credora\app.py", line 14, in <module>
    @app.route('/')
     ^^^
NameError: name 'app' is not defined
Traceback (most recent call last):
  File "C:\Credora\app.py", line 14, in <module>
    @app.route('/')
     ^^^
NameError: name 'app' is not defined
Traceback (most recent call last):
  File "C:\Credora\app.py", line 14, in <module>
    @app.route('/')
     ^^^
NameError: name 'app' is not defined
Traceback (most recent call last):
  File "C:\Credora\app.py", line 14, in <module>
    @app.route('/')
     ^^^
NameError: name 'app' is not defined
Traceback (most recent call last):
  File "C:\Credora\app.py", line 14, in <module>
    @app.route('/')
     ^^^
NameError: name 'app' is not defined
Traceback (most recent call last):
  File "C:\Credora\app.py", line 14, in <module>
    @app.route('/')
     ^^^
NameError: name 'app' is not defined
Traceback (most recent call last):
  File "C:\Credora\app.py", line 14, in <module>
    @app.route('/')
     ^^^
NameError: name 'app' is not defined
Traceback (most recent call last):
  File "C:\Credora\app.py", line 14, in <module>
    @app.route('/')
     ^^^
NameError: name 'app' is not defined
Traceback (most recent call last):
  File "C:\Credora\app.py", line 14, in <module>
    @app.route('/')
     ^^^
NameError: name 'app' is not defined
Traceback (most recent call last):
  File "C:\Credora\app.py", line 14, in <module>
    @app.route('/')
     ^^^
NameError: name 'app' is not defined
Traceback (most recent call last):
  File "C:\Credora\app.py", line 14, in <module>
    @app.route('/')
     ^^^
NameError: name 'app' is not defined
Traceback (most recent call last):
  File "C:\Credora\app.py", line 14, in <module>
    @app.route('/')
     ^^^
NameError: name 'app' is not defined
Traceback (most recent call last):
  File "C:\Credora\app.py", line 14, in <module>
    @app.route('/')
     ^^^
NameError: name 'app' is not defined
Traceback (most recent call last):
  File "C:\Credora\app.py", line 14, in <module>
    @app.route('/')
     ^^^
NameError: name 'app' is not defined
Traceback (most recent call last):
  File "C:\Credora\app.py", line 14, in <module>
    @app.route('/')
     ^^^
NameError: name 'app' is not defined
Traceback (most recent call last):
  File "C:\Credora\app.py", line 14, in <module>
    @app.route('/')
     ^^^
NameError: name 'app' is not defined
Traceback (most recent call last):
  File "C:\Credora\app.py", line 14, in <module>
    @app.route('/')
     ^^^
NameError: name 'app' is not defined
Traceback (most recent call last):
  File "C:\Credora\app.py", line 14, in <module>
    @app.route('/')
     ^^^
NameError: name 'app' is not defined
Traceback (most recent call last):
  File "C:\Credora\app.py", line 14, in <module>
    @app.route('/')
     ^^^
NameError: name 'app' is not defined
Traceback (most recent call last):
  File "C:\Credora\app.py", line 14, in <module>
    @app.route('/')
     ^^^
NameError: name 'app' is not defined
Traceback (most recent call last):
  File "C:\Credora\app.py", line 14, in <module>
    @app.route('/')
     ^^^
NameError: name 'app' is not defined
Traceback (most recent call last):
  File "C:\Credora\app.py", line 14, in <module>
    @app.route('/')
     ^^^
NameError: name 'app' is not defined
Traceback (most recent call last):
  File "C:\Credora\app.py", line 14, in <module>
    @app.route('/')
     ^^^
NameError: name 'app' is not defined
Traceback (most recent call last):
  File "C:\Credora\app.py", line 14, in <module>
    @app.route('/')
     ^^^
NameError: name 'app' is not defined
Traceback (most recent call last):
  File "C:\Credora\app.py", line 14, in <module>
    @app.route('/')
     ^^^
NameError: name 'app' is not defined
Traceback (most recent call last):
  File "C:\Credora\app.py", line 14, in <module>
    @app.route('/')
     ^^^
NameError: name 'app' is not defined
Traceback (most recent call last):
  File "C:\Credora\app.py", line 14, in <module>
    @app.route('/')
     ^^^
NameError: name 'app' is not defined
Traceback (most recent call last):
  File "C:\Credora\app.py", line 14, in <module>
    @app.route('/')
     ^^^
NameError: name 'app' is not defined
Traceback (most recent call last):
  File "C:\Credora\app.py", line 14, in <module>
    @app.route('/')
     ^^^
NameError: name 'app' is not defined
Traceback (most recent call last):
  File "C:\Credora\app.py", line 14, in <module>
    @app.route('/')
     ^^^
NameError: name 'app' is not defined
Traceback (most recent call last):
  File "C:\Credora\app.py", line 14, in <module>
    @app.route('/')
     ^^^
NameError: name 'app' is not defined
Traceback (most recent call last):
  File "C:\Credora\app.py", line 14, in <module>
    @app.route('/')
     ^^^
NameError: name 'app' is not defined
Traceback (most recent call last):
  File "C:\Credora\app.py", line 14, in <module>
    @app.route('/')
     ^^^
NameError: name 'app' is not defined
Traceback (most recent call last):
  File "C:\Credora\app.py", line 7, in <module>
    import shap
  File "C:\Credora\venv\Lib\site-packages\shap\__init__.py", line 3, in <module>
    from ._explanation import Cohorts, Explanation
  File "C:\Credora\venv\Lib\site-packages\shap\_explanation.py", line 15, in <module>
    import sklearn
  File "C:\Credora\venv\Lib\site-packages\sklearn\__init__.py", line 70, in <module>
    from sklearn.base import clone  # noqa: E402
    ^^^^^^^^^^^^^^^^^^^^^^^^^^^^^^
  File "C:\Credora\venv\Lib\site-packages\sklearn\base.py", line 20, in <module>
    from sklearn.utils._metadata_requests import _MetadataRequester, _routing_enabled
  File "C:\Credora\venv\Lib\site-packages\sklearn\utils\__init__.py", line 9, in <module>
    from sklearn.utils._chunking import gen_batches, gen_even_slices
  File "C:\Credora\venv\Lib\site-packages\sklearn\utils\_chunking.py", line 11, in <module>
    from sklearn.utils._param_validation import Interval, validate_params
  File "C:\Credora\venv\Lib\site-packages\sklearn\utils\_param_validation.py", line 17, in <module>
    from sklearn.utils.validation import _is_arraylike_not_scalar
  File "C:\Credora\venv\Lib\site-packages\sklearn\utils\validation.py", line 24, in <module>
    from sklearn.utils._array_api import (
    ...<6 lines>...
    )
  File "C:\Credora\venv\Lib\site-packages\sklearn\utils\_array_api.py", line 23, in <module>
    from sklearn.utils.fixes import parse_version
  File "C:\Credora\venv\Lib\site-packages\sklearn\utils\fixes.py", line 16, in <module>
    import scipy.stats
  File "C:\Credora\venv\Lib\site-packages\scipy\stats\__init__.py", line 600, in <module>
    from ._stats_py import *
  File "C:\Credora\venv\Lib\site-packages\scipy\stats\_stats_py.py", line 50, in <module>
    from . import distributions
  File "C:\Credora\venv\Lib\site-packages\scipy\stats\distributions.py", line 11, in <module>
    from . import _discrete_distns
  File "C:\Credora\venv\Lib\site-packages\scipy\stats\_discrete_distns.py", line 397, in <module>
    nbinom = nbinom_gen(name='nbinom')
  File "C:\Credora\venv\Lib\site-packages\scipy\stats\_distn_infrastructure.py", line 3362, in __init__
    self._construct_docstrings(name, longname)
    ~~~~~~~~~~~~~~~~~~~~~~~~~~^^^^^^^^^^^^^^^^
  File "C:\Credora\venv\Lib\site-packages\scipy\stats\_distn_infrastructure.py", line 3415, in _construct_docstrings
    self._construct_doc(docdict_discrete, dct.get(self.name))
    ~~~~~~~~~~~~~~~~~~~^^^^^^^^^^^^^^^^^^^^^^^^^^^^^^^^^^^^^^
  File "C:\Credora\venv\Lib\site-packages\scipy\stats\_distn_infrastructure.py", line 871, in _construct_doc
    self.__doc__ = doccer.docformat(self.__doc__, tempdict)
                   ~~~~~~~~~~~~~~~~^^^^^^^^^^^^^^^^^^^^^^^^
  File "C:\Credora\venv\Lib\site-packages\scipy\_lib\doccer.py", line 67, in docformat
    lines = docstring.expandtabs().splitlines()
            ~~~~~~~~~~~~~~~~~~~~^^
KeyboardInterrupt
